jessi@Jess-PC MINGW64 ~
$ ssh-keygen -t rsa -b 4096 -C jnoegreco@gmail.com
Generating public/private rsa key pair.
Enter file in which to save the key (/c/Users/jessi/.ssh/id_rsa):
/c/Users/jessi/.ssh/id_rsa already exists.
Overwrite (y/n)?

jessi@Jess-PC MINGW64 ~
$ ssh-keygen -t rsa -c 4096 -C jnoegreco@gmail.com
Too many arguments.
usage: ssh-keygen [-q] [-a rounds] [-b bits] [-C comment] [-f output_keyfile]
                  [-m format] [-N new_passphrase] [-O option]
                  [-t dsa | ecdsa | ecdsa-sk | ed25519 | ed25519-sk | rsa]
                  [-w provider] [-Z cipher]
       ssh-keygen -p [-a rounds] [-f keyfile] [-m format] [-N new_passphrase]
                   [-P old_passphrase] [-Z cipher]
       ssh-keygen -i [-f input_keyfile] [-m key_format]
       ssh-keygen -e [-f input_keyfile] [-m key_format]
       ssh-keygen -y [-f input_keyfile]
       ssh-keygen -c [-a rounds] [-C comment] [-f keyfile] [-P passphrase]
       ssh-keygen -l [-v] [-E fingerprint_hash] [-f input_keyfile]
       ssh-keygen -B [-f input_keyfile]
       ssh-keygen -D pkcs11
       ssh-keygen -F hostname [-lv] [-f known_hosts_file]
       ssh-keygen -H [-f known_hosts_file]
       ssh-keygen -K [-a rounds] [-w provider]
       ssh-keygen -R hostname [-f known_hosts_file]
       ssh-keygen -r hostname [-g] [-f input_keyfile]
       ssh-keygen -M generate [-O option] output_file
       ssh-keygen -M screen [-f input_file] [-O option] output_file
       ssh-keygen -I certificate_identity -s ca_key [-hU] [-D pkcs11_provider]
                  [-n principals] [-O option] [-V validity_interval]
                  [-z serial_number] file ...
       ssh-keygen -L [-f input_keyfile]
       ssh-keygen -A [-a rounds] [-f prefix_path]
       ssh-keygen -k -f krl_file [-u] [-s ca_public] [-z version_number]
                  file ...
       ssh-keygen -Q [-l] -f krl_file [file ...]
       ssh-keygen -Y find-principals -s signature_file -f allowed_signers_file
       ssh-keygen -Y match-principals -I signer_identity -f allowed_signers_file
       ssh-keygen -Y check-novalidate -n namespace -s signature_file
       ssh-keygen -Y sign -f key_file -n namespace file [-O option] ...
       ssh-keygen -Y verify -f allowed_signers_file -I signer_identity
                  -n namespace -s signature_file [-r krl_file] [-O option]

jessi@Jess-PC MINGW64 ~
$ ssh-keygen -t rsa -b 4096 -C jnoegreco@gmail.com
Generating public/private rsa key pair.
Enter file in which to save the key (/c/Users/jessi/.ssh/id_rsa):
/c/Users/jessi/.ssh/id_rsa already exists.
Overwrite (y/n)? y
Enter passphrase (empty for no passphrase):
Enter same passphrase again:
Your identification has been saved in /c/Users/jessi/.ssh/id_rsa
Your public key has been saved in /c/Users/jessi/.ssh/id_rsa.pub
The key fingerprint is:
SHA256:31RpitZwaFQEozW2MkZnBu+6Bj6eE3kAAiYNPYQ5zGQ jnoegreco@gmail.com
The key's randomart image is:
+---[RSA 4096]----+
|BE.     o.@+o    |
|Bo= .  . X =   . |
| . o .  = * . +  |
|      .. = = +   |
|       oS + +    |
|      + .+ o     |
|     . +. . .    |
|      +...       |
|     .o+.        |
+----[SHA256]-----+

jessi@Jess-PC MINGW64 ~
$ eval $ (ssh-agent -s)
bash: syntax error near unexpected token `('

jessi@Jess-PC MINGW64 ~
$ eval $(ssh-agent -s)
Agent pid 1378

jessi@Jess-PC MINGW64 ~
$ ssh-add ~/.ssh/id_rsa
Identity added: /c/Users/jessi/.ssh/id_rsa (jnoegreco@gmail.com)

jessi@Jess-PC MINGW64 ~
$ clip < ~/.ssh/id_rsa.pub

jessi@Jess-PC MINGW64 ~
$ cd ~/git
bash: cd: /c/Users/jessi/git: No such file or directory

jessi@Jess-PC MINGW64 ~
$ cd git
bash: cd: git: No such file or directory

jessi@Jess-PC MINGW64 ~
$ cd documents

jessi@Jess-PC MINGW64 ~/documents
$ cd users
bash: cd: users: No such file or directory

jessi@Jess-PC MINGW64 ~/documents
$ cd ~

jessi@Jess-PC MINGW64 ~
$ cd ls
bash: cd: ls: No such file or directory

jessi@Jess-PC MINGW64 ~
$ ls
'3D Objects'/             NTUSER.DAT{719e142a-594f-11ec-9785-abdc15c60716}.TxR.0.regtrans-ms
 anaconda3/               NTUSER.DAT{719e142a-594f-11ec-9785-abdc15c60716}.TxR.1.regtrans-ms
 AppData/                 NTUSER.DAT{719e142a-594f-11ec-9785-abdc15c60716}.TxR.2.regtrans-ms
'Application Data'@       NTUSER.DAT{719e142a-594f-11ec-9785-abdc15c60716}.TxR.blf
 Contacts/                NTUSER.DAT{719e142b-594f-11ec-9785-abdc15c60716}.TM.blf
 Cookies@                 NTUSER.DAT{719e142b-594f-11ec-9785-abdc15c60716}.TMContainer00000000000000000001.regtrans-ms
 Documents/               NTUSER.DAT{719e142b-594f-11ec-9785-abdc15c60716}.TMContainer00000000000000000002.regtrans-ms
 Downloads/               ntuser.ini
 Favorites/               OneDrive/
 first/                  'OneDrive - Delaware Education'/
 Git/                     PrintHood@
 IntelGraphicsProfiles/   Recent@
 Links/                  'Saved Games'/
'Local Settings'@         Searches/
 Music/                   SendTo@
'My Documents'@          'Start Menu'@
 NetHood@                 Templates@
 NTUSER.DAT               test/
 ntuser.dat.LOG1          Videos/
 ntuser.dat.LOG2

jessi@Jess-PC MINGW64 ~
$ git/
bash: git/: Is a directory

jessi@Jess-PC MINGW64 ~
$ cd git

jessi@Jess-PC MINGW64 ~/git
$ git clone git@github.com:jngreco/-CodingSample.git
Cloning into '-CodingSample'...
The authenticity of host 'github.com (140.82.114.3)' can't be established.
ED25519 key fingerprint is SHA256:+DiY3wvvV6TuJJhbpZisF/zLDA0zPMSvHdkr4UvCOqU.
This key is not known by any other names
Are you sure you want to continue connecting (yes/no/[fingerprint])? yes
Warning: Permanently added 'github.com' (ED25519) to the list of known hosts.

Receiving objects: 100% (3/3), done.
remote: Counting objects: 100% (3/3), done.
remote: Total 3 (delta 0), reused 0 (delta 0), pack-reused 0

jessi@Jess-PC MINGW64 ~/git
$

jessi@Jess-PC MINGW64 ~/git
$ cd codingdemo/
bash: cd: codingdemo/: No such file or directory

jessi@Jess-PC MINGW64 ~/git
$ cd codingsample
bash: cd: codingsample: No such file or directory

jessi@Jess-PC MINGW64 ~/git
$ cd -CodingSample
bash: cd: -C: invalid option
cd: usage: cd [-L|[-P [-e]] [-@]] [dir]

jessi@Jess-PC MINGW64 ~/git
$ cd Coding Sample
bash: cd: too many arguments

jessi@Jess-PC MINGW64 ~/git
$ cd CodingSample
bash: cd: CodingSample: No such file or directory

jessi@Jess-PC MINGW64 ~/git
$ open .
bash: open: command not found

jessi@Jess-PC MINGW64 ~/git
$ cd CodingSample
bash: cd: CodingSample: No such file or directory

jessi@Jess-PC MINGW64 ~/git
$ git clone git@github.com:jngreco/-CodingSample.git
fatal: destination path '-CodingSample' already exists and is not an empty directory.

jessi@Jess-PC MINGW64 ~/git
$ opn .
bash: opn: command not found

jessi@Jess-PC MINGW64 ~/git
$ open .
bash: open: command not found

jessi@Jess-PC MINGW64 ~/git
$ cd codingsample
bash: cd: codingsample: No such file or directory

jessi@Jess-PC MINGW64 ~/git
$ cd CodingSample
bash: cd: CodingSample: No such file or directory

jessi@Jess-PC MINGW64 ~/git
$ cd git
bash: cd: git: No such file or directory

jessi@Jess-PC MINGW64 ~/git
$ cd CodingSample
bash: cd: CodingSample: No such file or directory

jessi@Jess-PC MINGW64 ~/git
$ cd ~

jessi@Jess-PC MINGW64 ~
$ cd CodingSample
bash: cd: CodingSample: No such file or directory

jessi@Jess-PC MINGW64 ~
$ cd git

jessi@Jess-PC MINGW64 ~/git
$ cd CodingSample
bash: cd: CodingSample: No such file or directory

jessi@Jess-PC MINGW64 ~/git
$ file = open(r'C:\path\to\"C:\Users\jessi\Git\-CodingSample")"C:\Users\jessi\Git\-CodingSample" \\absolute path
bash: syntax error near unexpected token `('

jessi@Jess-PC MINGW64 ~/git
$ file = open "C:\Users\jessi\Git\-CodingSample"
=:                                cannot open `=' (No such file or directory)
open:                             cannot open `open' (No such file or directory)
C:\Users\jessi\Git\-CodingSample: directory

jessi@Jess-PC MINGW64 ~/git
$ "C:\Users\jessi\Git\-CodingSample"
bash: C:\Users\jessi\Git\-CodingSample: Is a directory

jessi@Jess-PC MINGW64 ~/git
$ cd "C:\Users\jessi\Git\-CodingSample"

jessi@Jess-PC MINGW64 ~/Git/-CodingSample (main)
$ ls
index.html  README.md

jessi@Jess-PC MINGW64 ~/Git/-CodingSample (main)
$ git add -A
warning: in the working copy of 'index.html', CRLF will be replaced by LF the next time Git touches it

jessi@Jess-PC MINGW64 ~/Git/-CodingSample (main)
$ git commit -m "Added an index.html file"
Author identity unknown

*** Please tell me who you are.

Run

  git config --global user.email "you@example.com"
  git config --global user.name "Your Name"

to set your account's default identity.
Omit --global to set the identity only in this repository.

fatal: unable to auto-detect email address (got 'jessi@Jess-PC.(none)')

jessi@Jess-PC MINGW64 ~/Git/-CodingSample (main)
$ git config --global user.email

jessi@Jess-PC MINGW64 ~/Git/-CodingSample (main)
$ jnoegreco@gmail.com
bash: jnoegreco@gmail.com: command not found

jessi@Jess-PC MINGW64 ~/Git/-CodingSample (main)
$ git config --global user.email "jnoegreco@gmail.com"

jessi@Jess-PC MINGW64 ~/Git/-CodingSample (main)
$ git config --global user.name "jngreco"

jessi@Jess-PC MINGW64 ~/Git/-CodingSample (main)
$ git commit -m "Added an index.html file"
[main 0e85b61] Added an index.html file
 1 file changed, 12 insertions(+)
 create mode 100644 index.html

jessi@Jess-PC MINGW64 ~/Git/-CodingSample (main)
$ git push origin master
error: src refspec master does not match any
error: failed to push some refs to 'github.com:jngreco/-CodingSample.git'

jessi@Jess-PC MINGW64 ~/Git/-CodingSample (main)
$ git push origin main
Enumerating objects: 4, done.
Counting objects: 100% (4/4), done.
Delta compression using up to 8 threads
Compressing objects: 100% (3/3), done.
Writing objects: 100% (3/3), 454 bytes | 227.00 KiB/s, done.
Total 3 (delta 0), reused 0 (delta 0), pack-reused 0
To github.com:jngreco/-CodingSample.git
   492126b..0e85b61  main -> main

jessi@Jess-PC MINGW64 ~/Git/-CodingSample (main)
$ git checkout -b header
Switched to a new branch 'header'

jessi@Jess-PC MINGW64 ~/Git/-CodingSample (header)
$ git add -A
warning: in the working copy of 'index.html', CRLF will be replaced by LF the next time Git touches it

jessi@Jess-PC MINGW64 ~/Git/-CodingSample (header)
$ git commit -m "Adds a header to index.html"
[header e958dfe] Adds a header to index.html
 1 file changed, 1 insertion(+), 1 deletion(-)

jessi@Jess-PC MINGW64 ~/Git/-CodingSample (header)
$ git push origin header
Enumerating objects: 5, done.
Counting objects: 100% (5/5), done.
Delta compression using up to 8 threads
Compressing objects: 100% (3/3), done.
Writing objects: 100% (3/3), 348 bytes | 348.00 KiB/s, done.
Total 3 (delta 1), reused 0 (delta 0), pack-reused 0
remote: Resolving deltas: 100% (1/1), completed with 1 local object.
remote:
remote: Create a pull request for 'header' on GitHub by visiting:
remote:      https://github.com/jngreco/-CodingSample/pull/new/header
remote:
To github.com:jngreco/-CodingSample.git
 * [new branch]      header -> header

jessi@Jess-PC MINGW64 ~/Git/-CodingSample (header)
$ git checkout master
error: pathspec 'master' did not match any file(s) known to git

jessi@Jess-PC MINGW64 ~/Git/-CodingSample (header)
$ git checkout main
Switched to branch 'main'
Your branch is up to date with 'origin/main'.

jessi@Jess-PC MINGW64 ~/Git/-CodingSample (main)
$ git pull
remote: Enumerating objects: 1, done.
remote: Counting objects: 100% (1/1), done.
remote: Total 1 (delta 0), reused 0 (delta 0), pack-reused 0
Unpacking objects: 100% (1/1), 629 bytes | 209.00 KiB/s, done.
From github.com:jngreco/-CodingSample
   0e85b61..bd3682b  main       -> origin/main
Updating 0e85b61..bd3682b
Fast-forward
 index.html | 2 +-
 1 file changed, 1 insertion(+), 1 deletion(-)
